[backblue.gif]
[fade.gif]
[index.html]
[localhost/jac/indexc0d0.php]
[localhost/jac/index7b17.php]
[localhost/jac/index12f1.css]
[localhost/jac/index.php/component/search/indexf758.html]
[localhost/jac/indexe108.css]
[localhost/jac/plugins/system/jat3/jat3/base-themes/default/images/favicon.ico]
[localhost/jac/indexea29.php]
[localhost/jac/images/resized/images/sampledata/slideshow/Final1_700_236.png]
[localhost/jac/images/resized/images/sampledata/slideshow/Final2_700_236.png]
[localhost/jac/images/resized/images/sampledata/slideshow/Final3_700_236.png]
[localhost/jac/images/resized/images/sampledata/slideshow/Final4_700_236.png]
[localhost/jac/images/resized/images/sampledata/slideshow/Final5_700_236.png]
[localhost/jac/images/resized/images/sampledata/slideshow/Final7_700_236.png]
[localhost/jac/images/sampledata/ja_university/sam-7.jpg]
[localhost/jac/images/sampledata/ja_university/sam-8.jpg]
[localhost/jac/images/sampledata/ja_university/sam-9.jpg]
[localhost/jac/images/sampledata/ja_university/sam-10.jpg]
[localhost/jac/images/resized/images/convocation_140_100.jpg]
[localhost/jac/images/resized/images/services_front_140_100.jpg]
[localhost/jac/images/Pullaiah.png]
[localhost/jac/images/sampledata/ja_university/banner4.jpg]
[localhost/jac/images/resized/images/user_profile_picture_100_100.jpg]
[localhost/jac/index.html]
[localhost/jac/templates/ja_university/index.html]
[localhost/jac/media/jui/fonts/IcoMoon.eot]
[localhost/jac/media/jui/fonts/IcoMoon.woff]
[localhost/jac/media/jui/fonts/IcoMoond41d.eot]
[localhost/jac/media/jui/fonts/IcoMoon.ttf]
[localhost/jac/index12f1.css]
[localhost/jac/.html]
[localhost/jac/media/com_acymailing/images/refresh.png]
[localhost/jac/media/system/images/pdf_button.png]
[localhost/jac/plugins/system/jat3/jat3/base-themes/default/images/printButton.png]
[localhost/jac/plugins/system/jat3/jat3/base-themes/default/images/emailButton.png]
[localhost/jac/plugins/system/jat3/jat3/base-themes/default/images/edit.png]
[localhost/jac/plugins/system/jat3/jat3/base-themes/default/images/bullet.gif]
[localhost/jac/plugins/system/jat3/jat3/base-themes/default/images/req.png]
[localhost/jac/plugins/system/jat3/jat3/base-themes/default/images/icon-badge.png]
[localhost/jac/plugins/system/jat3/jat3/base-themes/default/images/icon-show.png]
[localhost/jac/plugins/system/jat3/jat3/base-themes/default/images/icon-hide.png]
[localhost/jac/plugins/system/jat3/jat3/base-themes/default/images/logo-t3.gif]
[localhost/jac/plugins/system/jat3/jat3/base-themes/default/images/arrow.png]
[localhost/jac/plugins/system/jat3/jat3/base-themes/default/images/icons/icon-youtube.png]
[joomlart.s3.amazonaws.com/t3/logo/t3_logo_light.png]
[joomlart.s3.amazonaws.com/t3/logo/t3_logo_dark.png]
[joomlart.s3.amazonaws.com/t3/logo/t3_logo_light_sm.png]
[joomlart.s3.amazonaws.com/t3/logo/t3_logo_dark_sm.png]
[localhost/jac/plugins/system/jat3/jat3/base-themes/default/images/usertools/font-tool.gif]
[localhost/jac/plugins/system/jat3/jat3/base-themes/default/images/usertools/t3_logo_light_sm.png]
[localhost/jac/plugins/system/jat3/jat3/base-themes/default/images/arrow3.png]
[localhost/jac/templates/ja_university/images/line-number.gif]
[localhost/jac/templates/ja_university/images/quo-open.png]
[localhost/jac/templates/ja_university/images/icons-sprites-silk.png]
[localhost/jac/templates/ja_university/images/bullet.gif]
[localhost/jac/templates/ja_university/images/blocknumber-bg.png]
[localhost/jac/templates/ja_university/images/bubble-arrow.png]
[localhost/jac/templates/ja_university/images/icons/message/icon-tick.png]
[localhost/jac/templates/ja_university/images/icons/message/icon-error.png]
[localhost/jac/templates/ja_university/images/icons/message/icon-warning.png]
[localhost/jac/templates/ja_university/images/icons/message/icon-information.png]
[localhost/jac/templates/ja_university/images/icons/message/icon-download.png]
[localhost/jac/templates/ja_university/images/icons/message/icon-sticky.png]
[localhost/jac/templates/ja_university/images/icons/message/icon-system.png]
[localhost/jac/templates/ja_university/images/icons/disk.png]
[localhost/jac/templates/ja_university/images/icons/lightbulb.png]
[localhost/jac/templates/ja_university/images/icons/information.png]
[localhost/jac/templates/ja_university/images/icons/tick.png]
[localhost/jac/templates/ja_university/images/icons/exclamation.png]
[localhost/jac/templates/ja_university/images/readon-bg.png]
[localhost/jac/templates/ja_university/images/readon-hover-bg.png]
[localhost/jac/templates/ja_university/images/icons/icon-clock.png]
[localhost/jac/templates/ja_university/images/tag-mask.png]
[localhost/jac/templates/ja_university/images/icon-folder.png]
[localhost/jac/templates/ja_university/images/icon-calendar.png]
[localhost/jac/templates/ja_university/images/icon-user.png]
[localhost/jac/templates/ja_university/images/bullet-dark.gif]
[localhost/jac/templates/ja_university/images/bullet-red.gif]
[localhost/jac/templates/ja_university/images/logo.png]
[localhost/jac/templates/ja_university/images/icon-search.png]
[localhost/jac/templates/ja_university/images/bullet-w.gif]
[localhost/jac/templates/ja_university/images/ct-icon1.png]
[localhost/jac/templates/ja_university/images/ct-icon2.png]
[localhost/jac/templates/ja_university/images/ct-icon3.png]
[localhost/jac/templates/ja_university/images/icon-youtube.gif]
[localhost/jac/templates/ja_university/images/joomla15.png]
[localhost/jac/templates/ja_university/images/bullet2.gif]
[localhost/jac/templates/ja_university/images/icon-socials.png]
[localhost/jac/templates/ja_university/images/icon-phone.png]
[localhost/jac/templates/ja_university/images/icon-email.png]
[localhost/jac/templates/ja_university/images/icons/dep-1.png]
[localhost/jac/templates/ja_university/images/icons/dep-2.png]
[localhost/jac/templates/ja_university/images/icons/dep-3.png]
[localhost/jac/templates/ja_university/images/icons/dep-4.png]
[localhost/jac/templates/ja_university/images/icons/dep-5.png]
[localhost/jac/templates/ja_university/images/icons/dep-6.png]
[localhost/jac/templates/ja_university/images/icons/dep-7.png]
[localhost/jac/templates/ja_university/images/icons/dep-8.png]
[localhost/jac/templates/ja_university/images/icons/icon-facebook.png]
[localhost/jac/templates/ja_university/images/icons/icon-twitter.png]
[localhost/jac/templates/ja_university/images/icons/icon-email.png]
[localhost/jac/templates/ja_university/images/icons/icon-calendar.png]
[localhost/jac/templates/ja_university/images/logo-mobile.png]
[localhost/jac/templates/ja_university/images/mainnav-active-bg.gif]
[localhost/jac/templates/ja_university/images/btn-control.png]
[localhost/jac/templates/ja_university/images/slideloading.gif]
[localhost/jac/templates/ja_university/images/mask-left.png]
[localhost/jac/templates/ja_university/images/mask-right.png]
[localhost/jac/templates/ja_university/images/trans-d40.png]
[localhost/jac/templates/ja_university/images/sl-btn-direction.png]
[localhost/jac/templates/ja_university/images/sl-thumb.png]
[localhost/jac/templates/ja_university/themes/blue/images/readon-hover-bg.png]
[localhost/jac/templates/ja_university/themes/blue/images/bullet-hover.gif]
[localhost/jac/templates/ja_university/themes/blue/images/logo.png]
[localhost/jac/templates/ja_university/themes/blue/images/icon-search.png]
[localhost/jac/templates/ja_university/themes/blue/images/pattern-bg.png]
[localhost/jac/templates/ja_university/themes/blue/images/bullet-dark.gif]
[localhost/jac/templates/ja_university/themes/blue/images/ct-icon1.png]
[localhost/jac/templates/ja_university/themes/blue/images/ct-icon2.png]
[localhost/jac/templates/ja_university/themes/blue/images/ct-icon3.png]
[localhost/jac/templates/ja_university/themes/blue/images/icon-phone.png]
[localhost/jac/templates/ja_university/themes/blue/images/icon-email.png]
[localhost/jac/templates/ja_university/themes/blue/images/icon-socials.png]
[localhost/jac/templates/ja_university/themes/blue/images/mainnav-active-bg.gif]
[localhost/jac/templates/ja_university/themes/blue/images/btn-control.png]
[localhost/jac/indexe108.css]
[localhost/jac/templates/ja_university/themes/blue/images/sl-desc-bg.png]
[localhost/jac/indexa54b.css]
[localhost/jac/index.php/component/search/indexc3df.html]
[localhost/jac/media/system/images/arrow.png]
[localhost/jac/index.php/aboutus.html]
[localhost/jac/index8166.php]
[localhost/jac/index.php/component/search/index3b9a.html]
[localhost/jac/index.php/aboutus/correspondent.html]
[localhost/jac/index.php/component/search/index8882.html]
[localhost/jac/index.php/aboutus/chairman.html]
[localhost/jac/index.php/aboutus/principal.html]
[localhost/jac/index.php/component/search/index375a.html]
[localhost/jac/index.php/component/search/indexab83.html]
[localhost/jac/index.php/aboutus/vice-principal.html]
[localhost/jac/indexf4ed.css]
[localhost/jac/index.php/component/search/index5771.html]
[localhost/jac/index.php/aboutus/chancellor.html]
[localhost/jac/index.php/departments.html]
[localhost/jac/indexc1ea.php]
[localhost/jac/images/sampledata/ja_university/sam-24.jpg]
[localhost/jac/index.php/departments/accounting.html]
[localhost/jac/index.php/component/search/indexb046.html]
[localhost/jac/images/sampledata/ja_university/sam-22.jpg]
[localhost/jac/index.php/departments/economics.html]
[localhost/jac/index.php/component/search/index226a.html]
[localhost/jac/images/sampledata/ja_university/sam-21.jpg]
[localhost/jac/index.php/departments/technology.html]
[localhost/jac/index.php/component/search/index945c.html]
[localhost/jac/images/sampledata/ja_university/sam-25.jpg]
[localhost/jac/index.php/departments/officer.html]
[localhost/jac/index.php/component/search/indexe289.html]
[localhost/jac/images/sampledata/ja_university/sam-26.jpg]
[localhost/jac/index.php/departments/finance.html]
[localhost/jac/index.php/component/search/indexf816.html]
[localhost/jac/images/sampledata/ja_university/sam-11.jpg]
[localhost/jac/index.php/departments/humanities.html]
[localhost/jac/index.php/component/search/index6fa5.html]
[localhost/jac/images/sampledata/ja_university/sam-20.jpg]
[localhost/jac/index.php/departments/geography.html]
[localhost/jac/index.php/component/search/indexe664.html]
[localhost/jac/index.php/component/search/indexce7b.html]
[localhost/jac/index.php/gallery.html]
[localhost/jac/index.php/component/search/indexcd00.html]
[localhost/jac/images/sampledata/ja_university/cus-banner2.jpg]
[localhost/jac/index.php/gallery/events.html]
[localhost/jac/index8f51.css]
[localhost/jac/index.php/component/search/indexed2f.html]
[mrce.ac.in/wp-content/uploads/2011/09/1.jpg]
[www.jnujaipur.ac.in/Album_Photos/JNU_CltureEvent_1.jpg]
[mrce.ac.in/wp-content/gallery/cultural-committee-organized-intra-college-events/8.jpg]
[localhost/jac/index03c5.php]
[mriu.edu.in/wp-content/uploads/2013/03/IMG_15131.jpg]
[mriu.edu.in/wp-content/uploads/2013/03/IMG_15651.jpg]
[e-paolive.net/galleries/images/Science_Education/Student/2012/DBC_1022_1/DBC_Maram_20121022_1_21.jpg]
[localhost/jac/index.php/gallery/events/cultural.html]
[localhost/jac/index16cd.css]
[localhost/jac/index.php/component/search/indexa3b3.html]
[www.thehindu.com/multimedia/dynamic/01317/HY02BHAVAN_1317179f.jpg]
[www.thehindu.com/multimedia/dynamic/00509/TH23_VOLLEYBALL_LEA_509463f.jpg]
[www.thehindu.com/multimedia/dynamic/01104/05VZVIJREG1CRICKET_1104315f.jpg]
[localhost/jac/index.php/gallery/events/sports.html]
[localhost/jac/index8778.css]
[localhost/jac/index.php/component/search/indexb528.html]
[localhost/jac/index.php/gallery/events/fests.html]
[localhost/jac/index.php/component/search/indexe1b0.html]
[localhost/jac/index.php/gallery/events/technical.html]
[localhost/jac/index0f97.php]
[localhost/jac/index.php/component/search/index4e25.html]
[localhost/jac/index.php/gallery/infrastructure.html]
[localhost/jac/index.php/component/search/index77a4.html]
[localhost/jac/index.php/gallery/infrastructure/college.html]
[localhost/jac/index.php/component/search/index4cea.html]
[localhost/jac/index95ab.php]
[localhost/jac/index.php/gallery/infrastructure/labs.html]
[localhost/jac/index.php/component/search/indexc399.html]
[localhost/jac/index.php/gallery/infrastructure/office.html]
[localhost/jac/index.php/component/search/index93d2.html]
[uimbtc.org.in/wp-content/uploads/2013/08/College-Library.jpg]
[localhost/jac/index.php/gallery/infrastructure/library.html]
[localhost/jac/images/sampledata/ja_university/sam-15.jpg]
[localhost/jac/media/contacts/images/con_info.png]
[localhost/jac/index.php/contact.html]
[localhost/jac/index.php/component/search/index68c5.html]
[localhost/jac/index.php/component/content/indexc3b0.html]
[localhost/jac/index.php/component/search/index49a8.html]
[localhost/jac/images/convocation.jpg]
[localhost/jac/index.php/news-and-events/157-convocation.html]
[localhost/jac/index.php/component/search/index81b2.html]
[localhost/jac/images/services_front.jpg]
[localhost/jac/index.php/news-and-events/156-marvelous-electronic-ventura-2k13.html]
[localhost/jac/index.php/component/search/index7b82.html]
[localhost/jac/index.php/component/search/index7f11.html]
[localhost/jac/index.php/81-categories/courses/82-biology-degrees.html]
[localhost/jac/index.php/81-categories/courses/84-engineering-degrees.html]
[localhost/jac/index.php/81-categories/courses/86-computer-science-degrees.html]
[localhost/jac/index.php/81-categories/courses/83-business-degrees.html]
[localhost/jac/index.php/81-categories/courses/85-chemistry-degrees.html]
[localhost/jac/index.php/81-categories/courses/87-engineering-management-degrees.html]
[localhost/jac/index.php/81-categories/courses/88-media-studies-degrees.html]
[localhost/jac/index.php/component/search/indexe1e9.html]
[localhost/jac/index.php/81-categories/courses/89-social-science-degrees.html]
[localhost/jac/index.php/component/search/index85bd.html]
[localhost/jac/index4825.php]
[localhost/jac/index.php/component/search/index286f.html]
[localhost/jac/index7407.php]
[localhost/jac/index.php/component/search/index8120.html]
[localhost/jac/index.php/component/search/indexc003.html]
[localhost/jac/index.php/component/search/index8a57.html]
[localhost/jac/index.php/component/search/index7de7.html]
[localhost/jac/index.php/component/search/index94be.html]
[localhost/jac/index.php/80-categories/students-highlight/155-student-5.html]
[localhost/jac/index.php/80-categories/students-highlight/154-student-4.html]
[localhost/jac/index.php/80-categories/students-highlight/153-student-3.html]
[localhost/jac/index.php/80-categories/students-highlight/152-student-2.html]
[localhost/jac/index.php/80-categories/students-highlight/151-student-1.html]
[localhost/jac/index.php/component/search/index4976.html]
[localhost/jac/index.php/component/search/index5c3c.html]
[localhost/jac/index.php/component/search/indexd70c.html]
[localhost/jac/index.php/component/search/indexa850.html]
[localhost/jac/index.php/news-and-eventsc0d0]
[localhost/jac/index.php/news-and-events7b17]
[localhost/jac/index.php/news-and-events.html]
[localhost/jac/index.php/component/search/index22be.html]
[localhost/jac/index.php/all-departmentsc0d0]
[localhost/jac/index.php/all-departments7b17]
[localhost/jac/images/sampledata/ja_university/sam-23.jpg]
[localhost/jac/index.php/component/search/indexd747.html]
[localhost/jac/index.php/all-departments.html]
[localhost/jac/indexa54b.css]
[localhost/jac/index.php/aboutusabf8.html]
[localhost/jac/index4caf.css]
[localhost/jac/index.php/component/mailto/indexf615.html]
[localhost/jac/index.php/aboutus/89-categories/articlesc0d0]
[localhost/jac/index.php/aboutus/89-categories/articles7b17]
[localhost/jac/index1264.php]
[localhost/jac/index.php/component/search/index753c.html]
[localhost/jac/index312f.php]
[localhost/jac/index.php/aboutus/89-categories/articles.html]
[localhost/jac/index.php/component/users/index798d.html]
[localhost/jac/index.php/component/users/index4488.html]
[localhost/jac/index.php/component/users/index4437.html]
[localhost/jac/index.php/aboutus/correspondentabf8.html]
[localhost/jac/index.php/component/mailto/index22e5.html]
[localhost/jac/index.php/aboutus/correspondent/89-categories/articlesc0d0]
[localhost/jac/index.php/aboutus/correspondent/89-categories/articles7b17]
[localhost/jac/index.php/component/search/index94d4.html]
[localhost/jac/index.php/aboutus/correspondent/89-categories/articles.html]
[localhost/jac/index.php/aboutus/chairmanabf8.html]
[localhost/jac/index.php/component/mailto/index1d78.html]
[localhost/jac/index.php/aboutus/chairman/89-categories/articlesc0d0]
[localhost/jac/index.php/aboutus/chairman/89-categories/articles7b17]
[localhost/jac/index.php/component/search/index94c8.html]
[localhost/jac/index.php/aboutus/chairman/89-categories/articles.html]
[localhost/jac/index.php/aboutus/principalabf8.html]
[localhost/jac/index.php/component/mailto/index4ff1.html]
[localhost/jac/index.php/aboutus/vice-principalabf8.html]
[localhost/jac/index.php/component/mailto/index44ef.html]
[localhost/jac/index.php/aboutus/vice-principal/89-categories/articlesc0d0]
[localhost/jac/index.php/aboutus/vice-principal/89-categories/articles7b17]
[localhost/jac/index.php/component/search/index6326.html]
[localhost/jac/index.php/aboutus/vice-principal/89-categories/articles.html]
[localhost/jac/index.php/aboutus/vice-principal/89-categories/articles/149-administration.html]
[localhost/jac/indexf4ed.css]
[localhost/jac/index.php/aboutus/chancellorabf8.html]
[localhost/jac/index.php/component/mailto/index7308.html]
[localhost/jac/index.php/aboutus/chancellor/89-categories/articlesc0d0]
[localhost/jac/index.php/component/search/index4142.html]
[localhost/jac/index.php/aboutus/chancellor/89-categories/articles7b17]
[localhost/jac/index.php/component/search/indexcea4.html]
[localhost/jac/index.php/aboutus/chancellor/89-categories/articles.html]
[localhost/jac/index.php/departments/accountingabf8.html]
[localhost/jac/index.php/component/mailto/indexc5e9.html]
[localhost/jac/index.php/departments/economicsabf8.html]
[localhost/jac/index.php/component/mailto/index52c3.html]
[localhost/jac/index.php/departments/technologyabf8.html]
[localhost/jac/index.php/component/mailto/index53f2.html]
[localhost/jac/index.php/departments/officerabf8.html]
[localhost/jac/index.php/component/mailto/index301e.html]
[localhost/jac/index.php/departments/financeabf8.html]
[localhost/jac/index.php/component/mailto/indexaf18.html]
[localhost/jac/index.php/departments/humanitiesabf8.html]
[localhost/jac/index.php/component/mailto/index8742.html]
[localhost/jac/index.php/departments/geographyabf8.html]
[localhost/jac/index.php/component/mailto/index9946.html]
[localhost/jac/index.php/galleryabf8.html]
[localhost/jac/index.php/component/mailto/indexb73b.html]
[localhost/jac/index.php/gallery/89-categories/articlesc0d0]
[localhost/jac/index.php/gallery/89-categories/articles7b17]
[localhost/jac/index.php/component/search/index9718.html]
[localhost/jac/index.php/gallery/89-categories/articles.html]
[localhost/jac/index.php/gallery/89-categories/articles/71-welcome-to-ravindra-degree-college.html]
[localhost/jac/index.php/gallery/eventsabf8.html]
[localhost/jac/index.php/component/mailto/index02dc.html]
[localhost/jac/index.php/component/search/index9854.html]
[localhost/jac/index.php/gallery/events/88-categories/eventsc0d0]
[localhost/jac/index.php/gallery/events/88-categories/events7b17]
[localhost/jac/index.php/gallery/events/88-categories/events.html]
[localhost/jac/templates/ja_university/images/subnav-sep.gif]
[localhost/jac/index8f51.css]
[localhost/jac/index.php/gallery/events/culturalabf8.html]
[localhost/jac/index.php/component/mailto/index2521.html]
[localhost/jac/index.php/component/search/indexbc14.html]
[localhost/jac/index.php/gallery/events/cultural/88-categories/eventsc0d0]
[localhost/jac/index.php/gallery/events/cultural/88-categories/events7b17]
[localhost/jac/index.php/gallery/events/cultural/88-categories/events.html]
[localhost/jac/index16cd.css]
[localhost/jac/index.php/gallery/events/sportsabf8.html]
[localhost/jac/index.php/component/mailto/index49a5.html]
[localhost/jac/index.php/component/search/indexb20e.html]
[localhost/jac/index.php/gallery/events/sports/88-categories/eventsc0d0]
[localhost/jac/index.php/gallery/events/sports/88-categories/events7b17]
[localhost/jac/index.php/gallery/events/sports/88-categories/events.html]
[localhost/jac/index8778.css]
[localhost/jac/index.php/gallery/events/festsabf8.html]
[localhost/jac/index.php/component/mailto/index9a3a.html]
[localhost/jac/index.php/component/search/index0fa6.html]
[localhost/jac/index.php/gallery/events/fests/88-categories/eventsc0d0]
[localhost/jac/index.php/gallery/events/fests/88-categories/events7b17]
[localhost/jac/index.php/gallery/events/fests/88-categories/events.html]
[localhost/jac/index.php/gallery/events/technicalabf8.html]
[localhost/jac/index.php/component/mailto/indexfd70.html]
[localhost/jac/index.php/component/search/indexd7c1.html]
[localhost/jac/index.php/gallery/events/technical/88-categories/eventsc0d0]
[localhost/jac/index.php/gallery/events/technical/88-categories/events7b17]
[localhost/jac/index.php/gallery/events/technical/88-categories/events.html]
[localhost/jac/index.php/gallery/infrastructureabf8.html]
[localhost/jac/index.php/component/mailto/indexde25.html]
[localhost/jac/index.php/component/search/indexb687.html]
[localhost/jac/index.php/gallery/infrastructure/89-categories/articlesc0d0]
[localhost/jac/index.php/gallery/infrastructure/89-categories/articles7b17]
[localhost/jac/index.php/component/search/index83fb.html]
[localhost/jac/index.php/gallery/infrastructure/89-categories/articles.html]
[localhost/jac/index.php/gallery/infrastructure/collegeabf8.html]
[localhost/jac/index.php/component/mailto/index9fb0.html]
[localhost/jac/index.php/gallery/infrastructure/college/89-categories/articlesc0d0]
[localhost/jac/index.php/gallery/infrastructure/college/89-categories/articles7b17]
[localhost/jac/index.php/component/search/index1fbd.html]
[localhost/jac/index.php/gallery/infrastructure/college/89-categories/articles.html]
[localhost/jac/index.php/gallery/infrastructure/labsabf8.html]
[localhost/jac/index.php/component/mailto/index4b51.html]
[localhost/jac/index.php/gallery/infrastructure/labs/89-categories/articlesc0d0]
[localhost/jac/index.php/gallery/infrastructure/labs/89-categories/articles7b17]
[localhost/jac/index.php/component/search/indexab68.html]
[localhost/jac/index.php/gallery/infrastructure/labs/89-categories/articles.html]
[localhost/jac/index.php/gallery/infrastructure/officeabf8.html]
[localhost/jac/index.php/component/mailto/index7220.html]
[localhost/jac/index.php/gallery/infrastructure/office/89-categories/articlesc0d0]
[localhost/jac/index.php/gallery/infrastructure/office/89-categories/articles7b17]
[localhost/jac/index.php/component/search/index5cf9.html]
[localhost/jac/index.php/gallery/infrastructure/office/89-categories/articles.html]
[localhost/jac/index.php/gallery/infrastructure/libraryabf8.html]
[localhost/jac/index.php/component/mailto/index0fa1.html]
[localhost/jac/index.php/gallery/infrastructure/library/89-categories/articlesc0d0]
[localhost/jac/index.php/gallery/infrastructure/library/89-categories/articles7b17]
[localhost/jac/index.php/component/search/index23ec.html]
[localhost/jac/index.php/gallery/infrastructure/library/89-categories/articles.html]
[localhost/jac/index.php/component/content/indexe8ec.html]
[localhost/jac/index.php/news-and-events/157-convocation1b83.html]
[localhost/jac/index.php/component/mailto/index03db.html]
[localhost/jac/index.php/news-and-events/156-marvelous-electronic-ventura-2k131b83.html]
[localhost/jac/index.php/component/mailto/index9a0f.html]
[localhost/jac/index.php/87-categoriesc0d0]
[localhost/jac/index.php/87-categories7b17]
[localhost/jac/index.php/87-categories.html]
[localhost/jac/index.php/component/search/index8a19.html]
[localhost/jac/index.php/81-categories/coursesc0d0]
[localhost/jac/index.php/81-categories/courses7b17]
[localhost/jac/index.php/81-categories/courses.html]
[localhost/jac/index.php/component/search/index7f18.html]
[localhost/jac/index.php/80-categories/students-highlightc0d0]
[localhost/jac/index.php/80-categories/students-highlight7b17]
[localhost/jac/index.php/80-categories/students-highlight.html]
[localhost/jac/index.php/component/search/indexb1b3.html]
[localhost/jac/index7c62.php]
[localhost/jac/index.php/all-departments034f.html]
[localhost/jac/index4caf.css]
[localhost/jac/index.php/aboutus/89-categories/articles/149-administration.html]
[localhost/jac/index.php/aboutus/89-categories/articles/149-administrationabf8.html]
[localhost/jac/index.php/component/mailto/indexdd93.html]
[localhost/jac/index.php/component/search/index8f98.html]
[localhost/jac/index.php/aboutus/87-categoriesc0d0]
[localhost/jac/index.php/aboutus/87-categories7b17]
[localhost/jac/index.php/component/search/index8f35.html]
[localhost/jac/index.php/aboutus/87-categories.html]
[localhost/jac/index.php/aboutus/correspondent/89-categories/articles/149-administration.html]
[localhost/jac/index.php/aboutus/correspondent/89-categories/articles/149-administrationabf8.html]
[localhost/jac/index.php/component/mailto/index2090.html]
[localhost/jac/index.php/component/search/index50ab.html]
[localhost/jac/index.php/aboutus/correspondent/87-categoriesc0d0]
[localhost/jac/index.php/aboutus/correspondent/87-categories7b17]
[localhost/jac/index.php/component/search/index400e.html]
[localhost/jac/index.php/aboutus/correspondent/87-categories.html]
[localhost/jac/index.php/aboutus/chairman/89-categories/articles/149-administration.html]
[localhost/jac/index.php/aboutus/chairman/89-categories/articles/149-administrationabf8.html]
[localhost/jac/index.php/component/mailto/index4f3a.html]
[localhost/jac/index.php/component/search/index784e.html]
[localhost/jac/index.php/aboutus/chairman/87-categoriesc0d0]
[localhost/jac/index.php/aboutus/chairman/87-categories7b17]
[localhost/jac/index.php/component/search/indexc6e4.html]
[localhost/jac/index.php/aboutus/chairman/87-categories.html]
[localhost/jac/index.php/aboutus/vice-principal/89-categories/articles/149-administrationabf8.html]
[localhost/jac/index.php/component/mailto/index7dde.html]
[localhost/jac/index.php/aboutus/vice-principal/87-categoriesc0d0]
[localhost/jac/index.php/aboutus/vice-principal/87-categories7b17]
[localhost/jac/index.php/component/search/indexf756.html]
[localhost/jac/index.php/aboutus/vice-principal/87-categories.html]
[localhost/jac/index.php/aboutus/chancellor/89-categories/articles/149-administration.html]
[localhost/jac/index.php/aboutus/chancellor/89-categories/articles/149-administrationabf8.html]
[localhost/jac/index.php/component/mailto/index47b2.html]
[localhost/jac/index.php/component/search/indexb80e.html]
[localhost/jac/index.php/aboutus/chancellor/87-categoriesc0d0]
[localhost/jac/index.php/aboutus/chancellor/87-categories7b17]
[localhost/jac/index.php/component/search/index46a2.html]
[localhost/jac/index.php/aboutus/chancellor/87-categories.html]
[localhost/jac/index.php/gallery/89-categories/articles/149-administration.html]
[localhost/jac/index.php/gallery/89-categories/articles/149-administrationabf8.html]
[localhost/jac/index.php/component/mailto/indexa88d.html]
[localhost/jac/index.php/component/search/index2a10.html]
[localhost/jac/index.php/gallery/87-categoriesc0d0]
[localhost/jac/index.php/gallery/87-categories7b17]
[localhost/jac/index.php/component/search/index471d.html]
[localhost/jac/index.php/gallery/87-categories.html]
[localhost/jac/index.php/gallery/89-categories/articles/71-welcome-to-ravindra-degree-collegeabf8.html]
[localhost/jac/index.php/component/mailto/index53de.html]
[localhost/jac/index.php/gallery/events/87-categoriesc0d0]
[localhost/jac/index.php/gallery/events/87-categories7b17]
[localhost/jac/index.php/component/search/index0091.html]
[localhost/jac/index.php/gallery/events/87-categories.html]
[localhost/jac/index.php/gallery/events/cultural/87-categoriesc0d0]
[localhost/jac/index.php/gallery/events/cultural/87-categories7b17]
[localhost/jac/index.php/component/search/indexcab5.html]
[localhost/jac/index.php/gallery/events/cultural/87-categories.html]
[localhost/jac/index.php/gallery/events/sports/87-categoriesc0d0]
[localhost/jac/index.php/gallery/events/sports/87-categories7b17]
[localhost/jac/index.php/component/search/indexbc8c.html]
[localhost/jac/index.php/gallery/events/sports/87-categories.html]
[localhost/jac/index.php/gallery/events/fests/87-categoriesc0d0]
[localhost/jac/index.php/gallery/events/fests/87-categories7b17]
[localhost/jac/index.php/component/search/indexf5e1.html]
[localhost/jac/index.php/gallery/events/fests/87-categories.html]
[localhost/jac/index.php/gallery/events/technical/87-categoriesc0d0]
[localhost/jac/index.php/gallery/events/technical/87-categories7b17]
[localhost/jac/index.php/component/search/index9c23.html]
[localhost/jac/index.php/gallery/events/technical/87-categories.html]
[localhost/jac/index.php/gallery/infrastructure/89-categories/articles/149-administration.html]
[localhost/jac/index.php/gallery/infrastructure/89-categories/articles/149-administrationabf8.html]
[localhost/jac/index.php/component/mailto/index9b76.html]
[localhost/jac/index.php/gallery/infrastructure/college/89-categories/articles/149-administration.html]
[localhost/jac/index.php/gallery/infrastructure/college/89-categories/articles/149-administrationabf8.html]
[localhost/jac/index.php/component/mailto/indexd653.html]
[localhost/jac/index.php/gallery/infrastructure/labs/89-categories/articles/149-administration.html]
[localhost/jac/index.php/gallery/infrastructure/labs/89-categories/articles/149-administrationabf8.html]
[localhost/jac/index.php/component/mailto/index4e83.html]
[localhost/jac/index.php/gallery/infrastructure/office/89-categories/articles/149-administration.html]
[localhost/jac/index.php/gallery/infrastructure/office/89-categories/articles/149-administrationabf8.html]
[localhost/jac/index.php/component/mailto/index42fa.html]
[localhost/jac/index.php/gallery/infrastructure/library/89-categories/articles/149-administration.html]
[localhost/jac/index.php/gallery/infrastructure/library/89-categories/articles/149-administrationabf8.html]
[localhost/jac/index.php/component/mailto/indexa414.html]
[localhost/jac/index.php/component/content/86-categories/comming-upfd80.html]
[localhost/jac/index.php/all-departments501f.html]
[localhost/jac/index.php/aboutus/81-categories/courses.html]
[localhost/jac/index.php/aboutus/80-categories/students-highlight.html]
[localhost/jac/index.php/aboutus/88-categories/events.html]
[localhost/jac/index.php/aboutus/correspondent/81-categories/courses.html]
[localhost/jac/index.php/aboutus/correspondent/80-categories/students-highlight.html]
[localhost/jac/index.php/aboutus/correspondent/88-categories/events.html]
[localhost/jac/index.php/aboutus/chairman/81-categories/courses.html]
[localhost/jac/index.php/aboutus/chairman/80-categories/students-highlight.html]
[localhost/jac/index.php/aboutus/chairman/88-categories/events.html]
[localhost/jac/index.php/aboutus/vice-principal/81-categories/courses.html]
[localhost/jac/index.php/aboutus/vice-principal/80-categories/students-highlight.html]
[localhost/jac/index.php/aboutus/vice-principal/88-categories/events.html]
[localhost/jac/index.php/aboutus/chancellor/81-categories/courses.html]
[localhost/jac/index.php/aboutus/chancellor/80-categories/students-highlight.html]
[localhost/jac/index.php/aboutus/chancellor/88-categories/events.html]
[localhost/jac/index.php/gallery/81-categories/courses.html]
[localhost/jac/index.php/gallery/80-categories/students-highlight.html]
[localhost/jac/index.php/gallery/88-categories/events.html]
[localhost/jac/index.php/gallery/events/81-categories/courses.html]
[localhost/jac/index.php/gallery/events/80-categories/students-highlight.html]
[localhost/jac/index.php/gallery/events/89-categories/articles.html]
[localhost/jac/index.php/gallery/events/cultural/81-categories/courses.html]
[localhost/jac/index.php/gallery/events/cultural/80-categories/students-highlight.html]
[localhost/jac/index.php/gallery/events/cultural/89-categories/articles.html]
[localhost/jac/index.php/gallery/events/sports/81-categories/courses.html]
[localhost/jac/index.php/gallery/events/sports/80-categories/students-highlight.html]
[localhost/jac/index.php/gallery/events/sports/89-categories/articles.html]
[localhost/jac/index.php/gallery/events/fests/81-categories/courses.html]
[localhost/jac/index.php/gallery/events/fests/80-categories/students-highlight.html]
[localhost/jac/index.php/gallery/events/fests/89-categories/articles.html]
[localhost/jac/index.php/gallery/events/technical/81-categories/courses.html]
[localhost/jac/index.php/gallery/events/technical/80-categories/students-highlight.html]
[localhost/jac/index.php/gallery/events/technical/89-categories/articles.html]
[localhost/jac/index.php/component/search/indexcb01.html]
[localhost/jac/index.php/component/search/index1ae3.html]
[localhost/jac/index.php/component/search/indexe0b8.html]
[localhost/jac/index.php/component/search/indexbd21.html]
[localhost/jac/index.php/component/search/index62e2.html]
[localhost/jac/index.php/component/search/indexe725.html]
[localhost/jac/index.php/aboutus.html]
[localhost/jac/indexea29.php]
[localhost/jac/index.php/component/content/indexc3b0.html]
[localhost/jac/index.php/news-and-events/157-convocation.html]
[localhost/jac/index.php/news-and-events/156-marvelous-electronic-ventura-2k13.html]
[localhost/jac/index.php/81-categories/courses/82-biology-degrees.html]
[localhost/jac/index.php/80-categories/students-highlight/154-student-4.html]
[localhost/jac/media/jui/fonts/IcoMoon.svg]
[localhost/jac/templates/ja_university/images/corner-br.html]
[localhost/jac/templates/ja_university/images/corner-bl.html]
[localhost/jac/templates/ja_university/images/corner-tr.html]
[localhost/jac/templates/ja_university/images/corner-tl.html]
[localhost/jac/index.php/component/search/indexab83.html]
[localhost/jac/templates/ja_university/images/stars.html]
[localhost/jac/index.php/component/search/indexc3df.html]
[localhost/jac/index.php/component/search/index3b9a.html]
[localhost/jac/index.php/component/search/index375a.html]
[localhost/jac/index.php/component/search/index8882.html]
[localhost/jac/index.php/component/search/index5771.html]
[localhost/jac/indexa54b.css]
[localhost/jac/indexa54b.css]
[localhost/jac/index.php/component/search/indexb046.html]
[localhost/jac/index.php/component/search/index226a.html]
[localhost/jac/index.php/component/search/index945c.html]
[localhost/jac/index.php/component/search/indexe289.html]
[localhost/jac/index.php/component/search/indexf816.html]
[localhost/jac/index.php/aboutusabf8.html]
[localhost/jac/index.php/component/search/index6fa5.html]
[localhost/jac/index.php/component/search/indexe664.html]
[localhost/jac/index.php/component/search/indexce7b.html]
[www.jnujaipur.ac.in/Album_Photos/JNU_CltureEvent_1.jpg]
[localhost/jac/index.php/component/search/indexcd00.html]
[localhost/jac/index.php/component/search/indexed2f.html]
[localhost/jac/index8166.php]
[localhost/jac/index.php/aboutus/correspondentabf8.html]
[e-paolive.net/galleries/images/Science_Education/Student/2012/DBC_1022_1/DBC_Maram_20121022_1_21.jpg]
[mriu.edu.in/wp-content/uploads/2013/03/IMG_15131.jpg]
[mriu.edu.in/wp-content/uploads/2013/03/IMG_15651.jpg]
[www.thehindu.com/multimedia/dynamic/01317/HY02BHAVAN_1317179f.jpg]
[localhost/jac/index.php/aboutus/chairmanabf8.html]
[www.thehindu.com/multimedia/dynamic/00509/TH23_VOLLEYBALL_LEA_509463f.jpg]
[localhost/jac/index.php/component/search/indexa3b3.html]
[www.thehindu.com/multimedia/dynamic/01104/05VZVIJREG1CRICKET_1104315f.jpg]
[localhost/jac/indexc1ea.php]
[localhost/jac/index.php/component/search/indexb528.html]
[localhost/jac/index.php/aboutus/principalabf8.html]
[localhost/jac/index.php/component/search/indexe1b0.html]
[localhost/jac/index.php/component/search/index4e25.html]
[localhost/jac/index.php/component/search/index77a4.html]
[localhost/jac/index.php/component/search/index4cea.html]
[localhost/jac/index.php/component/search/indexc399.html]
[localhost/jac/index.php/aboutus/vice-principalabf8.html]
[localhost/jac/index.php/component/search/index93d2.html]
[localhost/jac/index.php/component/search/index68c5.html]
[localhost/jac/indexf4ed.css]
[localhost/jac/indexf4ed.css]
[localhost/jac/index.php/component/search/index49a8.html]
[localhost/jac/index.php/component/search/index81b2.html]
[localhost/jac/index.php/aboutus/chancellorabf8.html]
[localhost/jac/index.php/component/search/index7b82.html]
[localhost/jac/index.php/departments/accountingabf8.html]
[localhost/jac/index.php/component/search/index7f11.html]
[localhost/jac/index03c5.php]
[localhost/jac/index.php/component/search/indexe1e9.html]
[localhost/jac/index.php/component/search/index85bd.html]
[localhost/jac/index.php/departments/economicsabf8.html]
[localhost/jac/index.php/component/search/index286f.html]
[localhost/jac/index.php/component/search/index8120.html]
[localhost/jac/index.php/component/search/index8a57.html]
[localhost/jac/index.php/component/search/indexc003.html]
[localhost/jac/index0f97.php]
[localhost/jac/index.php/component/search/index7de7.html]
[localhost/jac/index95ab.php]
[localhost/jac/index.php/departments/technologyabf8.html]
[localhost/jac/index.php/component/search/index94be.html]
[localhost/jac/index.php/component/search/indexd70c.html]
[localhost/jac/index.php/component/search/indexa850.html]
[localhost/jac/index.php/component/search/index4976.html]
[localhost/jac/index.php/component/search/index5c3c.html]
[localhost/jac/index4825.php]
[localhost/jac/index.php/component/search/index22be.html]
[localhost/jac/index7407.php]
[localhost/jac/index.php/departments/officerabf8.html]
[localhost/jac/index.php/component/search/indexd747.html]
[localhost/jac/index.php/departments/financeabf8.html]
[localhost/jac/index.php/aboutus/89-categories/articlesc0d0]
[localhost/jac/index.php/aboutus/89-categories/articles7b17]
[localhost/jac/index.php/component/search/index753c.html]
[localhost/jac/index.php/aboutus/correspondent/89-categories/articlesc0d0]
[localhost/jac/index.php/aboutus/correspondent/89-categories/articles7b17]
[localhost/jac/index.php/component/search/index94d4.html]
[localhost/jac/index.php/departments/humanitiesabf8.html]
[localhost/jac/index.php/aboutus/chairman/89-categories/articlesc0d0]
[localhost/jac/index.php/aboutus/chairman/89-categories/articles7b17]
[localhost/jac/index.php/component/search/index94c8.html]
[localhost/jac/index.php/aboutus/vice-principal/89-categories/articlesc0d0]
[localhost/jac/index.php/aboutus/vice-principal/89-categories/articles7b17]
[localhost/jac/index312f.php]
[localhost/jac/index.php/departments/geographyabf8.html]
[localhost/jac/index.php/component/search/index4142.html]
[localhost/jac/index.php/component/search/index6326.html]
[localhost/jac/index1264.php]
[localhost/jac/index.php/aboutus/chancellor/89-categories/articlesc0d0]
[localhost/jac/index.php/aboutus/chancellor/89-categories/articles7b17]
[localhost/jac/index.php/galleryabf8.html]
[localhost/jac/index.php/component/search/indexcea4.html]
[localhost/jac/index.php/gallery/89-categories/articlesc0d0]
[localhost/jac/index.php/component/search/index9718.html]
[localhost/jac/index.php/gallery/89-categories/articles7b17]
[localhost/jac/index.php/component/search/index9854.html]
[localhost/jac/index.php/gallery/events/88-categories/events7b17]
[localhost/jac/index.php/component/search/indexbc14.html]
[localhost/jac/index.php/gallery/eventsabf8.html]
[localhost/jac/index.php/gallery/events/cultural/88-categories/events7b17]
[localhost/jac/index.php/component/search/indexb20e.html]
[localhost/jac/index8f51.css]
[localhost/jac/index.php/component/search/index0fa6.html]
[localhost/jac/index8f51.css]
[localhost/jac/index.php/gallery/events/sports/88-categories/events7b17]
[localhost/jac/index.php/component/search/indexd7c1.html]
[localhost/jac/index.php/gallery/events/fests/88-categories/events7b17]
[localhost/jac/index.php/component/search/indexb687.html]
[localhost/jac/index.php/gallery/events/technical/88-categories/events7b17]
[localhost/jac/index.php/gallery/infrastructure/89-categories/articlesc0d0]
[localhost/jac/index.php/gallery/events/culturalabf8.html]
[localhost/jac/index.php/gallery/infrastructure/89-categories/articles7b17]
[localhost/jac/index.php/component/search/index83fb.html]
[localhost/jac/index.php/component/search/index1fbd.html]
[localhost/jac/index.php/gallery/infrastructure/college/89-categories/articles7b17]
[localhost/jac/index.php/gallery/infrastructure/college/89-categories/articlesc0d0]
[localhost/jac/index.php/gallery/infrastructure/labs/89-categories/articlesc0d0]
[localhost/jac/index.php/component/search/indexab68.html]
[localhost/jac/index16cd.css]
[localhost/jac/index.php/gallery/infrastructure/labs/89-categories/articles7b17]
[localhost/jac/index16cd.css]
[localhost/jac/index.php/gallery/infrastructure/office/89-categories/articlesc0d0]
[localhost/jac/index.php/gallery/infrastructure/office/89-categories/articles7b17]
[localhost/jac/index.php/component/search/index5cf9.html]
[localhost/jac/index.php/component/search/index23ec.html]
[localhost/jac/index.php/gallery/infrastructure/library/89-categories/articles7b17]
[localhost/jac/index.php/gallery/events/sportsabf8.html]
[localhost/jac/index.php/gallery/infrastructure/library/89-categories/articlesc0d0]
[localhost/jac/index8778.css]
[localhost/jac/index.php/component/search/index8a19.html]
[localhost/jac/index8778.css]
[localhost/jac/index.php/component/search/index7f18.html]
[localhost/jac/index.php/81-categories/courses7b17]
[localhost/jac/index.php/component/search/indexb1b3.html]
[localhost/jac/index.php/component/search/index8f98.html]
[localhost/jac/index.php/gallery/events/festsabf8.html]
[localhost/jac/index.php/component/search/index50ab.html]
[localhost/jac/index.php/component/search/index8f35.html]
[localhost/jac/index7c62.php]
[localhost/jac/index.php/gallery/events/technicalabf8.html]
[localhost/jac/index.php/component/search/index400e.html]
[localhost/jac/index.php/component/search/index784e.html]
[localhost/jac/index.php/component/search/indexc6e4.html]
[localhost/jac/index.php/component/search/indexb80e.html]
[localhost/jac/index.php/component/search/indexf756.html]
[localhost/jac/index.php/gallery/infrastructureabf8.html]
[localhost/jac/index.php/component/search/index2a10.html]
[localhost/jac/index.php/component/search/index46a2.html]
[localhost/jac/index.php/component/search/index471d.html]
[localhost/jac/index.php/gallery/infrastructure/collegeabf8.html]
[localhost/jac/index.php/component/search/index0091.html]
[localhost/jac/index.php/component/search/indexcab5.html]
[localhost/jac/index.php/gallery/infrastructure/labsabf8.html]
[localhost/jac/index.php/component/search/indexbc8c.html]
[localhost/jac/index.php/component/search/indexf5e1.html]
[localhost/jac/index.php/component/search/index9c23.html]
[localhost/jac/index.php/component/search/indexe0b8.html]
[localhost/jac/index12f1.css]
[localhost/jac/index.php/gallery/infrastructure/officeabf8.html]
[localhost/jac/index.php/component/search/indexbd21.html]
[localhost/jac/index.php/component/search/indexcb01.html]
[localhost/jac/index.php/gallery/infrastructure/libraryabf8.html]
[localhost/jac/images/sampledata/masshead/mh-1.html]
[localhost/jac/index.php/component/content/indexe8ec.html]
[localhost/jac/index.php/news-and-events/157-convocation1b83.html]
[localhost/jac/index.php/news-and-events/156-marvelous-electronic-ventura-2k131b83.html]
[localhost/jac/index.php/87-categories.html]
[localhost/jac/index.php/80-categories/students-highlight.html]
[localhost/jac/index.php/all-departments034f.html]
[localhost/jac/index.php/aboutus/89-categories/articles/149-administration.html]
[localhost/jac/index.php/aboutus/correspondent/89-categories/articles/149-administration.html]
[localhost/jac/index.php/aboutus/chairman/89-categories/articles/149-administration.html]
[localhost/jac/index.php/aboutus/vice-principal/89-categories/articles/149-administrationabf8.html]
[localhost/jac/index.php/aboutus/chancellor/89-categories/articles/149-administration.html]
[localhost/jac/index.php/gallery/89-categories/articles/149-administration.html]
[localhost/jac/index.php/gallery/89-categories/articles/71-welcome-to-ravindra-degree-collegeabf8.html]
[localhost/jac/index.php/gallery/events/87-categories.html]
[localhost/jac/index.php/gallery/events/cultural/87-categories.html]
[localhost/jac/index.php/gallery/events/sports/87-categories.html]
[localhost/jac/index.php/gallery/events/fests/87-categories.html]
[localhost/jac/index.php/gallery/events/technical/87-categories.html]
[localhost/jac/index.php/gallery/infrastructure/89-categories/articles/149-administration.html]
[localhost/jac/index.php/gallery/infrastructure/college/89-categories/articles/149-administration.html]
[localhost/jac/index.php/gallery/infrastructure/labs/89-categories/articles/149-administration.html]
[localhost/jac/index.php/gallery/infrastructure/office/89-categories/articles/149-administration.html]
[localhost/jac/index.php/gallery/infrastructure/library/89-categories/articles/149-administration.html]
[localhost/jac/index.php/all-departments501f.html]
[localhost/jac/index.php/aboutus/81-categories/courses.html]
[localhost/jac/index.php/aboutus/correspondent/81-categories/courses.html]
[localhost/jac/index.php/aboutus/chairman/81-categories/courses.html]
[localhost/jac/index.php/aboutus/vice-principal/81-categories/courses.html]
[localhost/jac/index.php/aboutus/chancellor/81-categories/courses.html]
[localhost/jac/index.php/gallery/81-categories/courses.html]
[localhost/jac/index.php/gallery/events/81-categories/courses.html]
[localhost/jac/index.php/gallery/events/cultural/81-categories/courses.html]
[localhost/jac/index.php/gallery/events/sports/81-categories/courses.html]
[localhost/jac/index.php/gallery/events/fests/81-categories/courses.html]
[localhost/jac/index.php/gallery/events/technical/81-categories/courses.html]
[localhost/jac/index12f1.css]
[localhost/jac/index.php/component/content/86-categories/comming-upfd80.html]
[localhost/jac/index.php/gallery/events/89-categories/articles/149-administration.html]
[localhost/jac/index.php/gallery/events/cultural/89-categories/articles/149-administration.html]
[localhost/jac/index.php/gallery/events/sports/89-categories/articles/149-administration.html]
[localhost/jac/index.php/gallery/events/fests/89-categories/articles/149-administration.html]
[localhost/jac/index.php/component/content/86-categories/comming-upfd80.html]
