[backblue.gif]
[fade.gif]
[index.html]
[localhost/jac/indexc0d0.php]
[localhost/jac/index7b17.php]
[localhost/jac/index12f1.css]
[localhost/jac/index.php/component/search/indexf758.html]
[localhost/jac/indexe108.css]
[localhost/jac/plugins/system/jat3/jat3/base-themes/default/images/favicon.ico]
[localhost/jac/indexea29.php]
[localhost/jac/images/resized/images/sampledata/slideshow/Final1_700_236.png]
[localhost/jac/images/resized/images/sampledata/slideshow/Final2_700_236.png]
[localhost/jac/images/resized/images/sampledata/slideshow/Final3_700_236.png]
[localhost/jac/images/resized/images/sampledata/slideshow/Final4_700_236.png]
[localhost/jac/images/resized/images/sampledata/slideshow/Final5_700_236.png]
[localhost/jac/images/resized/images/sampledata/slideshow/Final7_700_236.png]
[localhost/jac/images/sampledata/ja_university/sam-7.jpg]
[localhost/jac/images/sampledata/ja_university/sam-8.jpg]
[localhost/jac/images/sampledata/ja_university/sam-9.jpg]
[localhost/jac/images/sampledata/ja_university/sam-10.jpg]
[localhost/jac/images/resized/images/convocation_140_100.jpg]
[localhost/jac/images/resized/images/services_front_140_100.jpg]
[localhost/jac/images/Pullaiah.png]
[localhost/jac/images/sampledata/ja_university/banner4.jpg]
[localhost/jac/images/resized/images/user_profile_picture_100_100.jpg]
[localhost/jac/index.html]
[localhost/jac/templates/ja_university/index.html]
[localhost/jac/index12f1.css]
[localhost/jac/.html]
[localhost/jac/indexe108.css]
[localhost/jac/index.php/aboutus.html]
[localhost/jac/index.php/aboutus/correspondent.html]
[localhost/jac/index.php/aboutus/chairman.html]
[localhost/jac/index.php/aboutus/principal.html]
[localhost/jac/index.php/aboutus/vice-principal.html]
[localhost/jac/index.php/aboutus/chancellor.html]
[localhost/jac/index.php/departments.html]
[localhost/jac/index.php/departments/accounting.html]
[www.gnu.org/licenses/gpl-2.0.html]
[localhost/jac/index.php/departments/economics.html]
[localhost/jac/index.php/departments/technology.html]
[localhost/jac/index.php/departments/officer.html]
[localhost/jac/index.php/departments/finance.html]
[localhost/jac/index.php/departments/humanities.html]
[localhost/jac/index.php/departments/geography.html]
[localhost/jac/index.php/gallery.html]
[localhost/jac/index.php/gallery/events.html]
[localhost/jac/index.php/gallery/events/cultural.html]
[localhost/jac/index.php/gallery/events/sports.html]
[localhost/jac/index.php/gallery/events/fests.html]
[localhost/jac/index.php/gallery/events/technical.html]
[localhost/jac/index.php/gallery/infrastructure.html]
[localhost/jac/index.php/gallery/infrastructure/college.html]
[localhost/jac/index.php/gallery/infrastructure/labs.html]
[localhost/jac/index.php/gallery/infrastructure/office.html]
[localhost/jac/index.php/gallery/infrastructure/library.html]
[localhost/jac/index.php/contact.html]
[localhost/jac/index.php/component/content/indexc3b0.html]
[localhost/jac/index.php/news-and-events/157-convocation.html]
[localhost/jac/index.php/news-and-events/156-marvelous-electronic-ventura-2k13.html]
[localhost/jac/index.php/81-categories/courses/82-biology-degrees.html]
[localhost/jac/index.php/81-categories/courses/84-engineering-degrees.html]
[localhost/jac/index.php/81-categories/courses/86-computer-science-degrees.html]
[localhost/jac/index.php/81-categories/courses/83-business-degrees.html]
[localhost/jac/index.php/81-categories/courses/85-chemistry-degrees.html]
[localhost/jac/index.php/81-categories/courses/87-engineering-management-degrees.html]
[localhost/jac/index.php/81-categories/courses/88-media-studies-degrees.html]
[localhost/jac/index.php/81-categories/courses/89-social-science-degrees.html]
[localhost/jac/index.php/80-categories/students-highlight/155-student-5.html]
[localhost/jac/index.php/80-categories/students-highlight/154-student-4.html]
[localhost/jac/index.php/80-categories/students-highlight/153-student-3.html]
[localhost/jac/index.php/80-categories/students-highlight/152-student-2.html]
[localhost/jac/index.php/80-categories/students-highlight/151-student-1.html]
[localhost/jac/index.php/news-and-events.html]
[localhost/jac/index.php/all-departments.html]
[www.evatechsoft.com/index.html]
[www.evatechsoft.com/index.html]
[www.joomla.org/index.html]
[www.gnu.org/licenses/gpl-2.0.html]
[localhost/jac/index.php/component/content/86-categories/comming-upfd80.html]
